frame:0    pts:256     pts_time:0.02
lavfi.signalstats.YAVG=0.236753
frame:1    pts:512     pts_time:0.04
lavfi.signalstats.YAVG=0.191094
frame:2    pts:768     pts_time:0.06
lavfi.signalstats.YAVG=0.240694
frame:3    pts:1024    pts_time:0.08
lavfi.signalstats.YAVG=0.195625
frame:4    pts:1280    pts_time:0.1
lavfi.signalstats.YAVG=0.293958
frame:5    pts:1536    pts_time:0.12
lavfi.signalstats.YAVG=0.299306
frame:6    pts:1792    pts_time:0.14
lavfi.signalstats.YAVG=0.270104
frame:7    pts:2048    pts_time:0.16
lavfi.signalstats.YAVG=0.247031
frame:8    pts:2304    pts_time:0.18
lavfi.signalstats.YAVG=0.247882
frame:9    pts:2560    pts_time:0.2
lavfi.signalstats.YAVG=0.213993
frame:10   pts:2816    pts_time:0.22
lavfi.signalstats.YAVG=0.238056
frame:11   pts:3072    pts_time:0.24
lavfi.signalstats.YAVG=0.185382
frame:12   pts:3328    pts_time:0.26
lavfi.signalstats.YAVG=0.242413
frame:13   pts:3584    pts_time:0.28
lavfi.signalstats.YAVG=0.222552
frame:14   pts:3840    pts_time:0.3
lavfi.signalstats.YAVG=0.215035
frame:15   pts:4096    pts_time:0.32
lavfi.signalstats.YAVG=0.202101
frame:16   pts:4352    pts_time:0.34
lavfi.signalstats.YAVG=0.306024
frame:17   pts:4608    pts_time:0.36
lavfi.signalstats.YAVG=0.276771
frame:18   pts:4864    pts_time:0.38
lavfi.signalstats.YAVG=0.280642
frame:19   pts:5120    pts_time:0.4
lavfi.signalstats.YAVG=0.25158
frame:20   pts:5376    pts_time:0.42
lavfi.signalstats.YAVG=0.227899
frame:21   pts:5632    pts_time:0.44
lavfi.signalstats.YAVG=0.179236
frame:22   pts:5888    pts_time:0.46
lavfi.signalstats.YAVG=0.202344
frame:23   pts:6144    pts_time:0.48
lavfi.signalstats.YAVG=0.158368
frame:24   pts:6400    pts_time:0.5
lavfi.signalstats.YAVG=0.218837
frame:25   pts:6656    pts_time:0.52
lavfi.signalstats.YAVG=0.199583
frame:26   pts:6912    pts_time:0.54
lavfi.signalstats.YAVG=0.209722
frame:27   pts:7168    pts_time:0.56
lavfi.signalstats.YAVG=0.191719
frame:28   pts:7424    pts_time:0.58
lavfi.signalstats.YAVG=0.290104
frame:29   pts:7680    pts_time:0.6
lavfi.signalstats.YAVG=0.339028
frame:30   pts:7936    pts_time:0.62
lavfi.signalstats.YAVG=0.31559
frame:31   pts:8192    pts_time:0.64
lavfi.signalstats.YAVG=0.204792
frame:32   pts:8448    pts_time:0.66
lavfi.signalstats.YAVG=0.220642
frame:33   pts:8704    pts_time:0.68
lavfi.signalstats.YAVG=0.184149
frame:34   pts:8960    pts_time:0.7
lavfi.signalstats.YAVG=0.20842
frame:35   pts:9216    pts_time:0.72
lavfi.signalstats.YAVG=0.175087
frame:36   pts:9472    pts_time:0.74
lavfi.signalstats.YAVG=0.299392
frame:37   pts:9728    pts_time:0.76
lavfi.signalstats.YAVG=0.308976
frame:38   pts:9984    pts_time:0.78
lavfi.signalstats.YAVG=0.321927
frame:39   pts:10240   pts_time:0.8
lavfi.signalstats.YAVG=0.255399
frame:40   pts:10496   pts_time:0.82
lavfi.signalstats.YAVG=0.279601
frame:41   pts:10752   pts_time:0.84
lavfi.signalstats.YAVG=0.245087
frame:42   pts:11008   pts_time:0.86
lavfi.signalstats.YAVG=0.263108
frame:43   pts:11264   pts_time:0.88
lavfi.signalstats.YAVG=0.23875
frame:44   pts:11520   pts_time:0.9
lavfi.signalstats.YAVG=0.247778
frame:45   pts:11776   pts_time:0.92
lavfi.signalstats.YAVG=0.216997
frame:46   pts:12032   pts_time:0.94
lavfi.signalstats.YAVG=0.241701
frame:47   pts:12288   pts_time:0.96
lavfi.signalstats.YAVG=0.183715
frame:48   pts:12544   pts_time:0.98
lavfi.signalstats.YAVG=0.21658
frame:49   pts:12800   pts_time:1
lavfi.signalstats.YAVG=0.195764
frame:50   pts:13056   pts_time:1.02
lavfi.signalstats.YAVG=0.203003
frame:51   pts:13312   pts_time:1.04
lavfi.signalstats.YAVG=0.186111
frame:52   pts:13568   pts_time:1.06
lavfi.signalstats.YAVG=0.251997
frame:53   pts:13824   pts_time:1.08
lavfi.signalstats.YAVG=0.253194
frame:54   pts:14080   pts_time:1.1
lavfi.signalstats.YAVG=0.253507
frame:55   pts:14336   pts_time:1.12
lavfi.signalstats.YAVG=0.212951
frame:56   pts:14592   pts_time:1.14
lavfi.signalstats.YAVG=0.268299
frame:57   pts:14848   pts_time:1.16
lavfi.signalstats.YAVG=0.214583
frame:58   pts:15104   pts_time:1.18
lavfi.signalstats.YAVG=0.214826
frame:59   pts:15360   pts_time:1.2
lavfi.signalstats.YAVG=0.251372
frame:60   pts:15616   pts_time:1.22
lavfi.signalstats.YAVG=0.251927
frame:61   pts:15872   pts_time:1.24
lavfi.signalstats.YAVG=0.174236
frame:62   pts:16128   pts_time:1.26
lavfi.signalstats.YAVG=0.207118
frame:63   pts:16384   pts_time:1.28
lavfi.signalstats.YAVG=0.209497
frame:64   pts:16640   pts_time:1.3
lavfi.signalstats.YAVG=0.287049
frame:65   pts:16896   pts_time:1.32
lavfi.signalstats.YAVG=0.275313
frame:66   pts:17152   pts_time:1.34
lavfi.signalstats.YAVG=0.290139
frame:67   pts:17408   pts_time:1.36
lavfi.signalstats.YAVG=0.245017
frame:68   pts:17664   pts_time:1.38
lavfi.signalstats.YAVG=0.273542
frame:69   pts:17920   pts_time:1.4
lavfi.signalstats.YAVG=0.240226
frame:70   pts:18176   pts_time:1.42
lavfi.signalstats.YAVG=0.26401
frame:71   pts:18432   pts_time:1.44
lavfi.signalstats.YAVG=0.226163
frame:72   pts:18688   pts_time:1.46
lavfi.signalstats.YAVG=0.258837
frame:73   pts:18944   pts_time:1.48
lavfi.signalstats.YAVG=0.249427
frame:74   pts:19200   pts_time:1.5
lavfi.signalstats.YAVG=0.243733
frame:75   pts:19456   pts_time:1.52
lavfi.signalstats.YAVG=0.242951
frame:76   pts:19712   pts_time:1.54
lavfi.signalstats.YAVG=0.285191
frame:77   pts:19968   pts_time:1.56
lavfi.signalstats.YAVG=0.315243
frame:78   pts:20224   pts_time:1.58
lavfi.signalstats.YAVG=0.284132
frame:79   pts:20480   pts_time:1.6
lavfi.signalstats.YAVG=0.26809
frame:80   pts:20736   pts_time:1.62
lavfi.signalstats.YAVG=0.265399
frame:81   pts:20992   pts_time:1.64
lavfi.signalstats.YAVG=0.249253
frame:82   pts:21248   pts_time:1.66
lavfi.signalstats.YAVG=0.274948
frame:83   pts:21504   pts_time:1.68
lavfi.signalstats.YAVG=0.228889
frame:84   pts:21760   pts_time:1.7
lavfi.signalstats.YAVG=0.297847
frame:85   pts:22016   pts_time:1.72
lavfi.signalstats.YAVG=0.30375
frame:86   pts:22272   pts_time:1.74
lavfi.signalstats.YAVG=0.27809
frame:87   pts:22528   pts_time:1.76
lavfi.signalstats.YAVG=0.279566
frame:88   pts:22784   pts_time:1.78
lavfi.signalstats.YAVG=0.319878
frame:89   pts:23040   pts_time:1.8
lavfi.signalstats.YAVG=0.430747
frame:90   pts:23296   pts_time:1.82
lavfi.signalstats.YAVG=0.443056
frame:91   pts:23552   pts_time:1.84
lavfi.signalstats.YAVG=0.237708
frame:92   pts:23808   pts_time:1.86
lavfi.signalstats.YAVG=0.329983
frame:93   pts:24064   pts_time:1.88
lavfi.signalstats.YAVG=0.293628
frame:94   pts:24320   pts_time:1.9
lavfi.signalstats.YAVG=0.314514
frame:95   pts:24576   pts_time:1.92
lavfi.signalstats.YAVG=0.269236
frame:96   pts:24832   pts_time:1.94
lavfi.signalstats.YAVG=0.282604
frame:97   pts:25088   pts_time:1.96
lavfi.signalstats.YAVG=0.258403
frame:98   pts:25344   pts_time:1.98
lavfi.signalstats.YAVG=0.266667
frame:99   pts:25600   pts_time:2
lavfi.signalstats.YAVG=0.254965
frame:100  pts:25856   pts_time:2.02
lavfi.signalstats.YAVG=0.316024
frame:101  pts:26112   pts_time:2.04
lavfi.signalstats.YAVG=0.330035
frame:102  pts:26368   pts_time:2.06
lavfi.signalstats.YAVG=0.316372
frame:103  pts:26624   pts_time:2.08
lavfi.signalstats.YAVG=0.288976
frame:104  pts:26880   pts_time:2.1
lavfi.signalstats.YAVG=0.297708
frame:105  pts:27136   pts_time:2.12
lavfi.signalstats.YAVG=0.263854
frame:106  pts:27392   pts_time:2.14
lavfi.signalstats.YAVG=0.295851
frame:107  pts:27648   pts_time:2.16
lavfi.signalstats.YAVG=0.268837
frame:108  pts:27904   pts_time:2.18
lavfi.signalstats.YAVG=0.277378
frame:109  pts:28160   pts_time:2.2
lavfi.signalstats.YAVG=0.275174
frame:110  pts:28416   pts_time:2.22
lavfi.signalstats.YAVG=0.287101
frame:111  pts:28672   pts_time:2.24
lavfi.signalstats.YAVG=0.251146
frame:112  pts:28928   pts_time:2.26
lavfi.signalstats.YAVG=0.317708
frame:113  pts:29184   pts_time:2.28
lavfi.signalstats.YAVG=0.339618
frame:114  pts:29440   pts_time:2.3
lavfi.signalstats.YAVG=0.311128
frame:115  pts:29696   pts_time:2.32
lavfi.signalstats.YAVG=0.309722
frame:116  pts:29952   pts_time:2.34
lavfi.signalstats.YAVG=0.352066
frame:117  pts:30208   pts_time:2.36
lavfi.signalstats.YAVG=0.323958
frame:118  pts:30464   pts_time:2.38
lavfi.signalstats.YAVG=0.316962
frame:119  pts:30720   pts_time:2.4
lavfi.signalstats.YAVG=0.355486
frame:120  pts:30976   pts_time:2.42
lavfi.signalstats.YAVG=0.373958
frame:121  pts:31232   pts_time:2.44
lavfi.signalstats.YAVG=0.318924
frame:122  pts:31488   pts_time:2.46
lavfi.signalstats.YAVG=0.332951
frame:123  pts:31744   pts_time:2.48
lavfi.signalstats.YAVG=0.341042
frame:124  pts:32000   pts_time:2.5
lavfi.signalstats.YAVG=0.39467
frame:125  pts:32256   pts_time:2.52
lavfi.signalstats.YAVG=0.411858
frame:126  pts:32512   pts_time:2.54
lavfi.signalstats.YAVG=0.39408
frame:127  pts:32768   pts_time:2.56
lavfi.signalstats.YAVG=0.370156
frame:128  pts:33024   pts_time:2.58
lavfi.signalstats.YAVG=0.320937
frame:129  pts:33280   pts_time:2.6
lavfi.signalstats.YAVG=0.326927
frame:130  pts:33536   pts_time:2.62
lavfi.signalstats.YAVG=0.319635
frame:131  pts:33792   pts_time:2.64
lavfi.signalstats.YAVG=0.289062
frame:132  pts:34048   pts_time:2.66
lavfi.signalstats.YAVG=0.350747
frame:133  pts:34304   pts_time:2.68
lavfi.signalstats.YAVG=0.384097
frame:134  pts:34560   pts_time:2.7
lavfi.signalstats.YAVG=0.390017
frame:135  pts:34816   pts_time:2.72
lavfi.signalstats.YAVG=0.324774
frame:136  pts:35072   pts_time:2.74
lavfi.signalstats.YAVG=0.335781
frame:137  pts:35328   pts_time:2.76
lavfi.signalstats.YAVG=0.312899
frame:138  pts:35584   pts_time:2.78
lavfi.signalstats.YAVG=0.321424
frame:139  pts:35840   pts_time:2.8
lavfi.signalstats.YAVG=0.298715
frame:140  pts:36096   pts_time:2.82
lavfi.signalstats.YAVG=0.309792
frame:141  pts:36352   pts_time:2.84
lavfi.signalstats.YAVG=0.279531
frame:142  pts:36608   pts_time:2.86
lavfi.signalstats.YAVG=0.304149
frame:143  pts:36864   pts_time:2.88
lavfi.signalstats.YAVG=0.264653
frame:144  pts:37120   pts_time:2.9
lavfi.signalstats.YAVG=0.296354
frame:145  pts:37376   pts_time:2.92
lavfi.signalstats.YAVG=0.272274
frame:146  pts:37632   pts_time:2.94
lavfi.signalstats.YAVG=0.270781
frame:147  pts:37888   pts_time:2.96
lavfi.signalstats.YAVG=0.273194
frame:148  pts:38144   pts_time:2.98
lavfi.signalstats.YAVG=0.338455
frame:149  pts:38400   pts_time:3
lavfi.signalstats.YAVG=0.400521
frame:150  pts:38656   pts_time:3.02
lavfi.signalstats.YAVG=0.327795
frame:151  pts:38912   pts_time:3.04
lavfi.signalstats.YAVG=0.266892
frame:152  pts:39168   pts_time:3.06
lavfi.signalstats.YAVG=0.30066
frame:153  pts:39424   pts_time:3.08
lavfi.signalstats.YAVG=0.266684
frame:154  pts:39680   pts_time:3.1
lavfi.signalstats.YAVG=0.281493
frame:155  pts:39936   pts_time:3.12
lavfi.signalstats.YAVG=0.263889
frame:156  pts:40192   pts_time:3.14
lavfi.signalstats.YAVG=0.296128
frame:157  pts:40448   pts_time:3.16
lavfi.signalstats.YAVG=0.276597
frame:158  pts:40704   pts_time:3.18
lavfi.signalstats.YAVG=0.290712
frame:159  pts:40960   pts_time:3.2
lavfi.signalstats.YAVG=0.280365
frame:160  pts:41216   pts_time:3.22
lavfi.signalstats.YAVG=0.332847
frame:161  pts:41472   pts_time:3.24
lavfi.signalstats.YAVG=0.337569
frame:162  pts:41728   pts_time:3.26
lavfi.signalstats.YAVG=0.338611
frame:163  pts:41984   pts_time:3.28
lavfi.signalstats.YAVG=0.291528
frame:164  pts:42240   pts_time:3.3
lavfi.signalstats.YAVG=0.308125
frame:165  pts:42496   pts_time:3.32
lavfi.signalstats.YAVG=0.323368
frame:166  pts:42752   pts_time:3.34
lavfi.signalstats.YAVG=0.308628
frame:167  pts:43008   pts_time:3.36
lavfi.signalstats.YAVG=0.271076
frame:168  pts:43264   pts_time:3.38
lavfi.signalstats.YAVG=0.308976
frame:169  pts:43520   pts_time:3.4
lavfi.signalstats.YAVG=0.312587
frame:170  pts:43776   pts_time:3.42
lavfi.signalstats.YAVG=0.292101
frame:171  pts:44032   pts_time:3.44
lavfi.signalstats.YAVG=0.289045
frame:172  pts:44288   pts_time:3.46
lavfi.signalstats.YAVG=0.32125
frame:173  pts:44544   pts_time:3.48
lavfi.signalstats.YAVG=0.352483
frame:174  pts:44800   pts_time:3.5
lavfi.signalstats.YAVG=0.326181
frame:175  pts:45056   pts_time:3.52
lavfi.signalstats.YAVG=0.295122
frame:176  pts:45312   pts_time:3.54
lavfi.signalstats.YAVG=0.321007
frame:177  pts:45568   pts_time:3.56
lavfi.signalstats.YAVG=0.303438
frame:178  pts:45824   pts_time:3.58
lavfi.signalstats.YAVG=0.283438
frame:179  pts:46080   pts_time:3.6
lavfi.signalstats.YAVG=0.325608
frame:180  pts:46336   pts_time:3.62
lavfi.signalstats.YAVG=0.380451
frame:181  pts:46592   pts_time:3.64
lavfi.signalstats.YAVG=0.275087
frame:182  pts:46848   pts_time:3.66
lavfi.signalstats.YAVG=0.304149
frame:183  pts:47104   pts_time:3.68
lavfi.signalstats.YAVG=0.324288
frame:184  pts:47360   pts_time:3.7
lavfi.signalstats.YAVG=0.370851
frame:185  pts:47616   pts_time:3.72
lavfi.signalstats.YAVG=0.372604
frame:186  pts:47872   pts_time:3.74
lavfi.signalstats.YAVG=0.423247
frame:187  pts:48128   pts_time:3.76
lavfi.signalstats.YAVG=0.313837
frame:188  pts:48384   pts_time:3.78
lavfi.signalstats.YAVG=0.316076
frame:189  pts:48640   pts_time:3.8
lavfi.signalstats.YAVG=0.31099
frame:190  pts:48896   pts_time:3.82
lavfi.signalstats.YAVG=0.314514
frame:191  pts:49152   pts_time:3.84
lavfi.signalstats.YAVG=0.269757
frame:192  pts:49408   pts_time:3.86
lavfi.signalstats.YAVG=0.299444
frame:193  pts:49664   pts_time:3.88
lavfi.signalstats.YAVG=0.271927
frame:194  pts:49920   pts_time:3.9
lavfi.signalstats.YAVG=0.272934
frame:195  pts:50176   pts_time:3.92
lavfi.signalstats.YAVG=0.275868
frame:196  pts:50432   pts_time:3.94
lavfi.signalstats.YAVG=0.321545
frame:197  pts:50688   pts_time:3.96
lavfi.signalstats.YAVG=0.347448
frame:198  pts:50944   pts_time:3.98
lavfi.signalstats.YAVG=0.346927
frame:199  pts:51200   pts_time:4
lavfi.signalstats.YAVG=0.28842
frame:200  pts:51456   pts_time:4.02
lavfi.signalstats.YAVG=0.317309
frame:201  pts:51712   pts_time:4.04
lavfi.signalstats.YAVG=0.308785
frame:202  pts:51968   pts_time:4.06
lavfi.signalstats.YAVG=0.323507
frame:203  pts:52224   pts_time:4.08
lavfi.signalstats.YAVG=0.275122
frame:204  pts:52480   pts_time:4.1
lavfi.signalstats.YAVG=0.358819
frame:205  pts:52736   pts_time:4.12
lavfi.signalstats.YAVG=0.353594
frame:206  pts:52992   pts_time:4.14
lavfi.signalstats.YAVG=0.340868
frame:207  pts:53248   pts_time:4.16
lavfi.signalstats.YAVG=0.330017
frame:208  pts:53504   pts_time:4.18
lavfi.signalstats.YAVG=0.414653
frame:209  pts:53760   pts_time:4.2
lavfi.signalstats.YAVG=0.514583
frame:210  pts:54016   pts_time:4.22
lavfi.signalstats.YAVG=0.434618
frame:211  pts:54272   pts_time:4.24
lavfi.signalstats.YAVG=0.34191
frame:212  pts:54528   pts_time:4.26
lavfi.signalstats.YAVG=0.42684
frame:213  pts:54784   pts_time:4.28
lavfi.signalstats.YAVG=0.424635
frame:214  pts:55040   pts_time:4.3
lavfi.signalstats.YAVG=0.452778
frame:215  pts:55296   pts_time:4.32
lavfi.signalstats.YAVG=0.378594
frame:216  pts:55552   pts_time:4.34
lavfi.signalstats.YAVG=0.445833
frame:217  pts:55808   pts_time:4.36
lavfi.signalstats.YAVG=0.424358
frame:218  pts:56064   pts_time:4.38
lavfi.signalstats.YAVG=0.419149
frame:219  pts:56320   pts_time:4.4
lavfi.signalstats.YAVG=0.417847
frame:220  pts:56576   pts_time:4.42
lavfi.signalstats.YAVG=0.433299
frame:221  pts:56832   pts_time:4.44
lavfi.signalstats.YAVG=0.461354
frame:222  pts:57088   pts_time:4.46
lavfi.signalstats.YAVG=0.477187
frame:223  pts:57344   pts_time:4.48
lavfi.signalstats.YAVG=0.404045
frame:224  pts:57600   pts_time:4.5
lavfi.signalstats.YAVG=0.34783
frame:225  pts:57856   pts_time:4.52
lavfi.signalstats.YAVG=0.348403
frame:226  pts:58112   pts_time:4.54
lavfi.signalstats.YAVG=0.358264
frame:227  pts:58368   pts_time:4.56
lavfi.signalstats.YAVG=0.308646
frame:228  pts:58624   pts_time:4.58
lavfi.signalstats.YAVG=0.330694
frame:229  pts:58880   pts_time:4.6
lavfi.signalstats.YAVG=0.375764
frame:230  pts:59136   pts_time:4.62
lavfi.signalstats.YAVG=0.366302
frame:231  pts:59392   pts_time:4.64
lavfi.signalstats.YAVG=0.308767
frame:232  pts:59648   pts_time:4.66
lavfi.signalstats.YAVG=0.306181
frame:233  pts:59904   pts_time:4.68
lavfi.signalstats.YAVG=0.285833
frame:234  pts:60160   pts_time:4.7
lavfi.signalstats.YAVG=0.306788
frame:235  pts:60416   pts_time:4.72
lavfi.signalstats.YAVG=0.264514
frame:236  pts:60672   pts_time:4.74
lavfi.signalstats.YAVG=0.280747
frame:237  pts:60928   pts_time:4.76
lavfi.signalstats.YAVG=0.252118
frame:238  pts:61184   pts_time:4.78
lavfi.signalstats.YAVG=0.224514
frame:239  pts:61440   pts_time:4.8
lavfi.signalstats.YAVG=0.302031
frame:240  pts:61696   pts_time:4.82
lavfi.signalstats.YAVG=0.246701
frame:241  pts:61952   pts_time:4.84
lavfi.signalstats.YAVG=0.139253
frame:242  pts:62208   pts_time:4.86
lavfi.signalstats.YAVG=0.176024
frame:243  pts:62464   pts_time:4.88
lavfi.signalstats.YAVG=0.198108
frame:244  pts:62720   pts_time:4.9
lavfi.signalstats.YAVG=0.260712
frame:245  pts:62976   pts_time:4.92
lavfi.signalstats.YAVG=0.241198
frame:246  pts:63232   pts_time:4.94
lavfi.signalstats.YAVG=0.24684
frame:247  pts:63488   pts_time:4.96
lavfi.signalstats.YAVG=0.195521
frame:248  pts:63744   pts_time:4.98
lavfi.signalstats.YAVG=0.0748785
frame:249  pts:64000   pts_time:5
lavfi.signalstats.YAVG=0.488177
frame:250  pts:64256   pts_time:5.02
lavfi.signalstats.YAVG=0.228351
frame:251  pts:64512   pts_time:5.04
lavfi.signalstats.YAVG=0.162812
frame:252  pts:64768   pts_time:5.06
lavfi.signalstats.YAVG=0.185625
frame:253  pts:65024   pts_time:5.08
lavfi.signalstats.YAVG=0.185503
frame:254  pts:65280   pts_time:5.1
lavfi.signalstats.YAVG=0.244201
frame:255  pts:65536   pts_time:5.12
lavfi.signalstats.YAVG=0.192726
frame:256  pts:65792   pts_time:5.14
lavfi.signalstats.YAVG=0.171962
frame:257  pts:66048   pts_time:5.16
lavfi.signalstats.YAVG=0.244531
frame:258  pts:66304   pts_time:5.18
lavfi.signalstats.YAVG=0.286597
frame:259  pts:66560   pts_time:5.2
lavfi.signalstats.YAVG=0.180174
frame:260  pts:66816   pts_time:5.22
lavfi.signalstats.YAVG=0.182622
frame:261  pts:67072   pts_time:5.24
lavfi.signalstats.YAVG=0.165642
frame:262  pts:67328   pts_time:5.26
lavfi.signalstats.YAVG=0.233524
frame:263  pts:67584   pts_time:5.28
lavfi.signalstats.YAVG=0.159097
frame:264  pts:67840   pts_time:5.3
lavfi.signalstats.YAVG=0.164132
frame:265  pts:68096   pts_time:5.32
lavfi.signalstats.YAVG=0.197483
frame:266  pts:68352   pts_time:5.34
lavfi.signalstats.YAVG=0.25
frame:267  pts:68608   pts_time:5.36
lavfi.signalstats.YAVG=0.180799
frame:268  pts:68864   pts_time:5.38
lavfi.signalstats.YAVG=0.157622
frame:269  pts:69120   pts_time:5.4
lavfi.signalstats.YAVG=0.305642
frame:270  pts:69376   pts_time:5.42
lavfi.signalstats.YAVG=0.305694
frame:271  pts:69632   pts_time:5.44
lavfi.signalstats.YAVG=0.114149
frame:272  pts:69888   pts_time:5.46
lavfi.signalstats.YAVG=0.157569
frame:273  pts:70144   pts_time:5.48
lavfi.signalstats.YAVG=0.166024
frame:274  pts:70400   pts_time:5.5
lavfi.signalstats.YAVG=0.233889
frame:275  pts:70656   pts_time:5.52
lavfi.signalstats.YAVG=0.14816
frame:276  pts:70912   pts_time:5.54
lavfi.signalstats.YAVG=0.190312
frame:277  pts:71168   pts_time:5.56
lavfi.signalstats.YAVG=0.237778
frame:278  pts:71424   pts_time:5.58
lavfi.signalstats.YAVG=0.291701
frame:279  pts:71680   pts_time:5.6
lavfi.signalstats.YAVG=0.205451
frame:280  pts:71936   pts_time:5.62
lavfi.signalstats.YAVG=0.213924
frame:281  pts:72192   pts_time:5.64
lavfi.signalstats.YAVG=0.319878
frame:282  pts:72448   pts_time:5.66
lavfi.signalstats.YAVG=0.414549
frame:283  pts:72704   pts_time:5.68
lavfi.signalstats.YAVG=0.231285
frame:284  pts:72960   pts_time:5.7
lavfi.signalstats.YAVG=0.183819
frame:285  pts:73216   pts_time:5.72
lavfi.signalstats.YAVG=0.224583
frame:286  pts:73472   pts_time:5.74
lavfi.signalstats.YAVG=0.309201
frame:287  pts:73728   pts_time:5.76
lavfi.signalstats.YAVG=0.179253
frame:288  pts:73984   pts_time:5.78
lavfi.signalstats.YAVG=0.15566
frame:289  pts:74240   pts_time:5.8
lavfi.signalstats.YAVG=0.169358
frame:290  pts:74496   pts_time:5.82
lavfi.signalstats.YAVG=0.217622
frame:291  pts:74752   pts_time:5.84
lavfi.signalstats.YAVG=0.149983
frame:292  pts:75008   pts_time:5.86
lavfi.signalstats.YAVG=0.138628
frame:293  pts:75264   pts_time:5.88
lavfi.signalstats.YAVG=0.213611
frame:294  pts:75520   pts_time:5.9
lavfi.signalstats.YAVG=0.2175
frame:295  pts:75776   pts_time:5.92
lavfi.signalstats.YAVG=0.169583
frame:296  pts:76032   pts_time:5.94
lavfi.signalstats.YAVG=0.175503
frame:297  pts:76288   pts_time:5.96
lavfi.signalstats.YAVG=0.186215
frame:298  pts:76544   pts_time:5.98
lavfi.signalstats.YAVG=0.251319
frame:299  pts:76800   pts_time:6
lavfi.signalstats.YAVG=0.259566
frame:300  pts:77056   pts_time:6.02
lavfi.signalstats.YAVG=0.203872
frame:301  pts:77312   pts_time:6.04
lavfi.signalstats.YAVG=0.174184
frame:302  pts:77568   pts_time:6.06
lavfi.signalstats.YAVG=0.270052
frame:303  pts:77824   pts_time:6.08
lavfi.signalstats.YAVG=0.175764
frame:304  pts:78080   pts_time:6.1
lavfi.signalstats.YAVG=0.168958
frame:305  pts:78336   pts_time:6.12
lavfi.signalstats.YAVG=0.236719
frame:306  pts:78592   pts_time:6.14
lavfi.signalstats.YAVG=0.287882
frame:307  pts:78848   pts_time:6.16
lavfi.signalstats.YAVG=0.175226
frame:308  pts:79104   pts_time:6.18
lavfi.signalstats.YAVG=0.189583
frame:309  pts:79360   pts_time:6.2
lavfi.signalstats.YAVG=0.189896
frame:310  pts:79616   pts_time:6.22
lavfi.signalstats.YAVG=0.251354
frame:311  pts:79872   pts_time:6.24
lavfi.signalstats.YAVG=0.167552
frame:312  pts:80128   pts_time:6.26
lavfi.signalstats.YAVG=0.195069
frame:313  pts:80384   pts_time:6.28
lavfi.signalstats.YAVG=0.216111
frame:314  pts:80640   pts_time:6.3
lavfi.signalstats.YAVG=0.255885
frame:315  pts:80896   pts_time:6.32
lavfi.signalstats.YAVG=0.190833
frame:316  pts:81152   pts_time:6.34
lavfi.signalstats.YAVG=0.194514
frame:317  pts:81408   pts_time:6.36
lavfi.signalstats.YAVG=0.268229
frame:318  pts:81664   pts_time:6.38
lavfi.signalstats.YAVG=0.28934
frame:319  pts:81920   pts_time:6.4
lavfi.signalstats.YAVG=0.195295
frame:320  pts:82176   pts_time:6.42
lavfi.signalstats.YAVG=0.196615
frame:321  pts:82432   pts_time:6.44
lavfi.signalstats.YAVG=0.22316
frame:322  pts:82688   pts_time:6.46
lavfi.signalstats.YAVG=0.259253
frame:323  pts:82944   pts_time:6.48
lavfi.signalstats.YAVG=0.19842
frame:324  pts:83200   pts_time:6.5
lavfi.signalstats.YAVG=0.210295
frame:325  pts:83456   pts_time:6.52
lavfi.signalstats.YAVG=0.300104
frame:326  pts:83712   pts_time:6.54
lavfi.signalstats.YAVG=0.390816
frame:327  pts:83968   pts_time:6.56
lavfi.signalstats.YAVG=0.243507
frame:328  pts:84224   pts_time:6.58
lavfi.signalstats.YAVG=0.204618
frame:329  pts:84480   pts_time:6.6
lavfi.signalstats.YAVG=0.310191
frame:330  pts:84736   pts_time:6.62
lavfi.signalstats.YAVG=0.30625
frame:331  pts:84992   pts_time:6.64
lavfi.signalstats.YAVG=0.177135
frame:332  pts:85248   pts_time:6.66
lavfi.signalstats.YAVG=0.173437
frame:333  pts:85504   pts_time:6.68
lavfi.signalstats.YAVG=0.211111
frame:334  pts:85760   pts_time:6.7
lavfi.signalstats.YAVG=0.286337
frame:335  pts:86016   pts_time:6.72
lavfi.signalstats.YAVG=0.185347
frame:336  pts:86272   pts_time:6.74
lavfi.signalstats.YAVG=0.176563
frame:337  pts:86528   pts_time:6.76
lavfi.signalstats.YAVG=0.212465
frame:338  pts:86784   pts_time:6.78
lavfi.signalstats.YAVG=0.252882
frame:339  pts:87040   pts_time:6.8
lavfi.signalstats.YAVG=0.190642
frame:340  pts:87296   pts_time:6.82
lavfi.signalstats.YAVG=0.17934
frame:341  pts:87552   pts_time:6.84
lavfi.signalstats.YAVG=0.253976
frame:342  pts:87808   pts_time:6.86
lavfi.signalstats.YAVG=0.283594
frame:343  pts:88064   pts_time:6.88
lavfi.signalstats.YAVG=0.196719
frame:344  pts:88320   pts_time:6.9
lavfi.signalstats.YAVG=0.189965
frame:345  pts:88576   pts_time:6.92
lavfi.signalstats.YAVG=0.20066
frame:346  pts:88832   pts_time:6.94
lavfi.signalstats.YAVG=0.263316
frame:347  pts:89088   pts_time:6.96
lavfi.signalstats.YAVG=0.192292
frame:348  pts:89344   pts_time:6.98
lavfi.signalstats.YAVG=0.182812
frame:349  pts:89600   pts_time:7
lavfi.signalstats.YAVG=0.20316
frame:350  pts:89856   pts_time:7.02
lavfi.signalstats.YAVG=0.251649
frame:351  pts:90112   pts_time:7.04
lavfi.signalstats.YAVG=0.187604
frame:352  pts:90368   pts_time:7.06
lavfi.signalstats.YAVG=0.184861
frame:353  pts:90624   pts_time:7.08
lavfi.signalstats.YAVG=0.254149
frame:354  pts:90880   pts_time:7.1
lavfi.signalstats.YAVG=0.28066
frame:355  pts:91136   pts_time:7.12
lavfi.signalstats.YAVG=0.19092
frame:356  pts:91392   pts_time:7.14
lavfi.signalstats.YAVG=0.17434
frame:357  pts:91648   pts_time:7.16
lavfi.signalstats.YAVG=0.176215
frame:358  pts:91904   pts_time:7.18
lavfi.signalstats.YAVG=0.26217
frame:359  pts:92160   pts_time:7.2
lavfi.signalstats.YAVG=0.263872
frame:360  pts:92416   pts_time:7.22
lavfi.signalstats.YAVG=0.184549
frame:361  pts:92672   pts_time:7.24
lavfi.signalstats.YAVG=0.176736
frame:362  pts:92928   pts_time:7.26
lavfi.signalstats.YAVG=0.262118
frame:363  pts:93184   pts_time:7.28
lavfi.signalstats.YAVG=0.174531
frame:364  pts:93440   pts_time:7.3
lavfi.signalstats.YAVG=0.160972
frame:365  pts:93696   pts_time:7.32
lavfi.signalstats.YAVG=0.242778
frame:366  pts:93952   pts_time:7.34
lavfi.signalstats.YAVG=0.280885
frame:367  pts:94208   pts_time:7.36
lavfi.signalstats.YAVG=0.171163
frame:368  pts:94464   pts_time:7.38
lavfi.signalstats.YAVG=0.171545
frame:369  pts:94720   pts_time:7.4
lavfi.signalstats.YAVG=0.181302
frame:370  pts:94976   pts_time:7.42
lavfi.signalstats.YAVG=0.244757
frame:371  pts:95232   pts_time:7.44
lavfi.signalstats.YAVG=0.169566
frame:372  pts:95488   pts_time:7.46
lavfi.signalstats.YAVG=0.16724
frame:373  pts:95744   pts_time:7.48
lavfi.signalstats.YAVG=0.20533
frame:374  pts:96000   pts_time:7.5
lavfi.signalstats.YAVG=0.261823
frame:375  pts:96256   pts_time:7.52
lavfi.signalstats.YAVG=0.165677
frame:376  pts:96512   pts_time:7.54
lavfi.signalstats.YAVG=0.165313
frame:377  pts:96768   pts_time:7.56
lavfi.signalstats.YAVG=0.265677
frame:378  pts:97024   pts_time:7.58
lavfi.signalstats.YAVG=0.321111
frame:379  pts:97280   pts_time:7.6
lavfi.signalstats.YAVG=0.183733
frame:380  pts:97536   pts_time:7.62
lavfi.signalstats.YAVG=0.171997
frame:381  pts:97792   pts_time:7.64
lavfi.signalstats.YAVG=0.157135
frame:382  pts:98048   pts_time:7.66
lavfi.signalstats.YAVG=0.260677
frame:383  pts:98304   pts_time:7.68
lavfi.signalstats.YAVG=0.155556
frame:384  pts:98560   pts_time:7.7
lavfi.signalstats.YAVG=0.159444
frame:385  pts:98816   pts_time:7.72
lavfi.signalstats.YAVG=0.192431
frame:386  pts:99072   pts_time:7.74
lavfi.signalstats.YAVG=0.258437
frame:387  pts:99328   pts_time:7.76
lavfi.signalstats.YAVG=0.157569
frame:388  pts:99584   pts_time:7.78
lavfi.signalstats.YAVG=0.163073
frame:389  pts:99840   pts_time:7.8
lavfi.signalstats.YAVG=0.295
frame:390  pts:100096  pts_time:7.82
lavfi.signalstats.YAVG=0.287118
frame:391  pts:100352  pts_time:7.84
lavfi.signalstats.YAVG=0.103021
frame:392  pts:100608  pts_time:7.86
lavfi.signalstats.YAVG=0.158299
frame:393  pts:100864  pts_time:7.88
lavfi.signalstats.YAVG=0.173681
frame:394  pts:101120  pts_time:7.9
lavfi.signalstats.YAVG=0.229167
frame:395  pts:101376  pts_time:7.92
lavfi.signalstats.YAVG=0.146319
frame:396  pts:101632  pts_time:7.94
lavfi.signalstats.YAVG=0.141858
frame:397  pts:101888  pts_time:7.96
lavfi.signalstats.YAVG=0.172378
frame:398  pts:102144  pts_time:7.98
lavfi.signalstats.YAVG=0.230625
frame:399  pts:102400  pts_time:8
lavfi.signalstats.YAVG=0.139236
frame:400  pts:102656  pts_time:8.02
lavfi.signalstats.YAVG=0.135365
frame:401  pts:102912  pts_time:8.04
lavfi.signalstats.YAVG=0.219514
frame:402  pts:103168  pts_time:8.06
lavfi.signalstats.YAVG=0.230347
frame:403  pts:103424  pts_time:8.08
lavfi.signalstats.YAVG=0.153976
frame:404  pts:103680  pts_time:8.1
lavfi.signalstats.YAVG=0.148003
frame:405  pts:103936  pts_time:8.12
lavfi.signalstats.YAVG=0.115538
frame:406  pts:104192  pts_time:8.14
lavfi.signalstats.YAVG=0.207622
frame:407  pts:104448  pts_time:8.16
lavfi.signalstats.YAVG=0.122691
frame:408  pts:104704  pts_time:8.18
lavfi.signalstats.YAVG=0.119948
frame:409  pts:104960  pts_time:8.2
lavfi.signalstats.YAVG=0.143507
frame:410  pts:105216  pts_time:8.22
lavfi.signalstats.YAVG=0.186701
frame:411  pts:105472  pts_time:8.24
lavfi.signalstats.YAVG=0.123663
frame:412  pts:105728  pts_time:8.26
lavfi.signalstats.YAVG=0.120972
frame:413  pts:105984  pts_time:8.28
lavfi.signalstats.YAVG=0.202135
frame:414  pts:106240  pts_time:8.3
lavfi.signalstats.YAVG=0.200833
frame:415  pts:106496  pts_time:8.32
lavfi.signalstats.YAVG=0.149653
frame:416  pts:106752  pts_time:8.34
lavfi.signalstats.YAVG=0.145556
frame:417  pts:107008  pts_time:8.36
lavfi.signalstats.YAVG=0.134896
frame:418  pts:107264  pts_time:8.38
lavfi.signalstats.YAVG=0.198646
frame:419  pts:107520  pts_time:8.4
lavfi.signalstats.YAVG=0.248142
frame:420  pts:107776  pts_time:8.42
lavfi.signalstats.YAVG=0.122274
frame:421  pts:108032  pts_time:8.44
lavfi.signalstats.YAVG=0.141128
frame:422  pts:108288  pts_time:8.46
lavfi.signalstats.YAVG=0.30066
frame:423  pts:108544  pts_time:8.48
lavfi.signalstats.YAVG=0.125938
frame:424  pts:108800  pts_time:8.5
lavfi.signalstats.YAVG=0.0928299
frame:425  pts:109056  pts_time:8.52
lavfi.signalstats.YAVG=0.158872
frame:426  pts:109312  pts_time:8.54
lavfi.signalstats.YAVG=0.209167
frame:427  pts:109568  pts_time:8.56
lavfi.signalstats.YAVG=0.11717
frame:428  pts:109824  pts_time:8.58
lavfi.signalstats.YAVG=0.117465
frame:429  pts:110080  pts_time:8.6
lavfi.signalstats.YAVG=0.135816
frame:430  pts:110336  pts_time:8.62
lavfi.signalstats.YAVG=0.22559
frame:431  pts:110592  pts_time:8.64
lavfi.signalstats.YAVG=0.10691
frame:432  pts:110848  pts_time:8.66
lavfi.signalstats.YAVG=0.122465
frame:433  pts:111104  pts_time:8.68
lavfi.signalstats.YAVG=0.156771
frame:434  pts:111360  pts_time:8.7
lavfi.signalstats.YAVG=0.207187
frame:435  pts:111616  pts_time:8.72
lavfi.signalstats.YAVG=0.118385
frame:436  pts:111872  pts_time:8.74
lavfi.signalstats.YAVG=0.11941
frame:437  pts:112128  pts_time:8.76
lavfi.signalstats.YAVG=0.195434
frame:438  pts:112384  pts_time:8.78
lavfi.signalstats.YAVG=0.22533
frame:439  pts:112640  pts_time:8.8
lavfi.signalstats.YAVG=0.134323
frame:440  pts:112896  pts_time:8.82
lavfi.signalstats.YAVG=0.127812
frame:441  pts:113152  pts_time:8.84
lavfi.signalstats.YAVG=0.115712
frame:442  pts:113408  pts_time:8.86
lavfi.signalstats.YAVG=0.199497
frame:443  pts:113664  pts_time:8.88
lavfi.signalstats.YAVG=0.105399
frame:444  pts:113920  pts_time:8.9
lavfi.signalstats.YAVG=0.112708
frame:445  pts:114176  pts_time:8.92
lavfi.signalstats.YAVG=0.153715
frame:446  pts:114432  pts_time:8.94
lavfi.signalstats.YAVG=0.207309
frame:447  pts:114688  pts_time:8.96
lavfi.signalstats.YAVG=0.115278
frame:448  pts:114944  pts_time:8.98
lavfi.signalstats.YAVG=0.095191
frame:449  pts:115200  pts_time:9
lavfi.signalstats.YAVG=0.270347
frame:450  pts:115456  pts_time:9.02
lavfi.signalstats.YAVG=0.224566
frame:451  pts:115712  pts_time:9.04
lavfi.signalstats.YAVG=0.083559
frame:452  pts:115968  pts_time:9.06
lavfi.signalstats.YAVG=0.132535
frame:453  pts:116224  pts_time:9.08
lavfi.signalstats.YAVG=0.17224
frame:454  pts:116480  pts_time:9.1
lavfi.signalstats.YAVG=0.215521
frame:455  pts:116736  pts_time:9.12
lavfi.signalstats.YAVG=0.125521
frame:456  pts:116992  pts_time:9.14
lavfi.signalstats.YAVG=0.142569
frame:457  pts:117248  pts_time:9.16
lavfi.signalstats.YAVG=0.183472
frame:458  pts:117504  pts_time:9.18
lavfi.signalstats.YAVG=0.238472
frame:459  pts:117760  pts_time:9.2
lavfi.signalstats.YAVG=0.155382
frame:460  pts:118016  pts_time:9.22
lavfi.signalstats.YAVG=0.104583
frame:461  pts:118272  pts_time:9.24
lavfi.signalstats.YAVG=0.189306
frame:462  pts:118528  pts_time:9.26
lavfi.signalstats.YAVG=0.220955
frame:463  pts:118784  pts_time:9.28
lavfi.signalstats.YAVG=0.132257
frame:464  pts:119040  pts_time:9.3
lavfi.signalstats.YAVG=0.134653
frame:465  pts:119296  pts_time:9.32
lavfi.signalstats.YAVG=0.146372
frame:466  pts:119552  pts_time:9.34
lavfi.signalstats.YAVG=0.213455
frame:467  pts:119808  pts_time:9.36
lavfi.signalstats.YAVG=0.122778
frame:468  pts:120064  pts_time:9.38
lavfi.signalstats.YAVG=0.120156
frame:469  pts:120320  pts_time:9.4
lavfi.signalstats.YAVG=0.176615
frame:470  pts:120576  pts_time:9.42
lavfi.signalstats.YAVG=0.242326
frame:471  pts:120832  pts_time:9.44
lavfi.signalstats.YAVG=0.153594
frame:472  pts:121088  pts_time:9.46
lavfi.signalstats.YAVG=0.122413
frame:473  pts:121344  pts_time:9.48
lavfi.signalstats.YAVG=0.318056
frame:474  pts:121600  pts_time:9.5
lavfi.signalstats.YAVG=0.23191
frame:475  pts:121856  pts_time:9.52
lavfi.signalstats.YAVG=0.220139
frame:476  pts:122112  pts_time:9.54
lavfi.signalstats.YAVG=0.117066
frame:477  pts:122368  pts_time:9.56
lavfi.signalstats.YAVG=0.156944
frame:478  pts:122624  pts_time:9.58
lavfi.signalstats.YAVG=0.219115
frame:479  pts:122880  pts_time:9.6
lavfi.signalstats.YAVG=0.165729
frame:480  pts:123136  pts_time:9.62
lavfi.signalstats.YAVG=0.110312
frame:481  pts:123392  pts_time:9.64
lavfi.signalstats.YAVG=0.164774
frame:482  pts:123648  pts_time:9.66
lavfi.signalstats.YAVG=0.133802
frame:483  pts:123904  pts_time:9.68
lavfi.signalstats.YAVG=0.179323
frame:484  pts:124160  pts_time:9.7
lavfi.signalstats.YAVG=0.143559
frame:485  pts:124416  pts_time:9.72
lavfi.signalstats.YAVG=0.165538
frame:486  pts:124672  pts_time:9.74
lavfi.signalstats.YAVG=0.208264
frame:487  pts:124928  pts_time:9.76
lavfi.signalstats.YAVG=0.172622
frame:488  pts:125184  pts_time:9.78
lavfi.signalstats.YAVG=0.151076
frame:489  pts:125440  pts_time:9.8
lavfi.signalstats.YAVG=0.171858
frame:490  pts:125696  pts_time:9.82
lavfi.signalstats.YAVG=0.202795
frame:491  pts:125952  pts_time:9.84
lavfi.signalstats.YAVG=0.164045
frame:492  pts:126208  pts_time:9.86
lavfi.signalstats.YAVG=0.141597
frame:493  pts:126464  pts_time:9.88
lavfi.signalstats.YAVG=0.187882
frame:494  pts:126720  pts_time:9.9
lavfi.signalstats.YAVG=0.160451
frame:495  pts:126976  pts_time:9.92
lavfi.signalstats.YAVG=0.156302
frame:496  pts:127232  pts_time:9.94
lavfi.signalstats.YAVG=0.154462
frame:497  pts:127488  pts_time:9.96
lavfi.signalstats.YAVG=0.123108
frame:498  pts:127744  pts_time:9.98
lavfi.signalstats.YAVG=0.215347
